[2026-04-13T01:48:42.064+0000] {processor.py:161} INFO - Started process (PID=25) to work on /opt/airflow/dags/flight-pipeline.py
[2026-04-13T01:48:42.068+0000] {processor.py:830} INFO - Processing file /opt/airflow/dags/flight-pipeline.py for tasks to queue
[2026-04-13T01:48:42.084+0000] {logging_mixin.py:188} INFO - [2026-04-13T01:48:42.083+0000] {dagbag.py:545} INFO - Filling up the DagBag from /opt/airflow/dags/flight-pipeline.py
[2026-04-13T01:48:49.223+0000] {logging_mixin.py:188} INFO - [2026-04-13T01:48:49.201+0000] {dagbag.py:355} ERROR - Failed to import: /opt/airflow/dags/flight-pipeline.py
Traceback (most recent call last):
  File "/home/airflow/.local/lib/python3.12/site-packages/airflow/models/dagbag.py", line 351, in parse
    loader.exec_module(new_module)
  File "<frozen importlib._bootstrap_external>", line 995, in exec_module
  File "<frozen importlib._bootstrap>", line 488, in _call_with_frames_removed
  File "/opt/airflow/dags/flight-pipeline.py", line 35, in <module>
    bronze = PythonOperator(
             ^^^^^^^^^^^^^^
NameError: name 'PythonOperator' is not defined
[2026-04-13T01:48:49.237+0000] {processor.py:842} WARNING - No viable dags retrieved from /opt/airflow/dags/flight-pipeline.py
[2026-04-13T01:48:49.286+0000] {processor.py:183} INFO - Processing /opt/airflow/dags/flight-pipeline.py took 7.287 seconds
[2026-04-13T01:49:19.605+0000] {processor.py:161} INFO - Started process (PID=28) to work on /opt/airflow/dags/flight-pipeline.py
[2026-04-13T01:49:19.609+0000] {processor.py:830} INFO - Processing file /opt/airflow/dags/flight-pipeline.py for tasks to queue
[2026-04-13T01:49:19.614+0000] {logging_mixin.py:188} INFO - [2026-04-13T01:49:19.613+0000] {dagbag.py:545} INFO - Filling up the DagBag from /opt/airflow/dags/flight-pipeline.py
[2026-04-13T01:49:21.550+0000] {logging_mixin.py:188} INFO - [2026-04-13T01:49:21.526+0000] {dagbag.py:355} ERROR - Failed to import: /opt/airflow/dags/flight-pipeline.py
Traceback (most recent call last):
  File "/home/airflow/.local/lib/python3.12/site-packages/airflow/models/dagbag.py", line 351, in parse
    loader.exec_module(new_module)
  File "<frozen importlib._bootstrap_external>", line 995, in exec_module
  File "<frozen importlib._bootstrap>", line 488, in _call_with_frames_removed
  File "/opt/airflow/dags/flight-pipeline.py", line 35, in <module>
    bronze = PythonOperator(
             ^^^^^^^^^^^^^^
NameError: name 'PythonOperator' is not defined
[2026-04-13T01:49:21.566+0000] {processor.py:842} WARNING - No viable dags retrieved from /opt/airflow/dags/flight-pipeline.py
[2026-04-13T01:49:21.621+0000] {processor.py:183} INFO - Processing /opt/airflow/dags/flight-pipeline.py took 2.034 seconds
[2026-04-13T01:53:19.522+0000] {processor.py:161} INFO - Started process (PID=25) to work on /opt/airflow/dags/flight-pipeline.py
[2026-04-13T01:53:19.524+0000] {processor.py:830} INFO - Processing file /opt/airflow/dags/flight-pipeline.py for tasks to queue
[2026-04-13T01:53:19.530+0000] {logging_mixin.py:188} INFO - [2026-04-13T01:53:19.529+0000] {dagbag.py:545} INFO - Filling up the DagBag from /opt/airflow/dags/flight-pipeline.py
[2026-04-13T01:53:19.598+0000] {logging_mixin.py:188} INFO - [2026-04-13T01:53:19.586+0000] {dagbag.py:355} ERROR - Failed to import: /opt/airflow/dags/flight-pipeline.py
Traceback (most recent call last):
  File "/home/airflow/.local/lib/python3.12/site-packages/airflow/models/dagbag.py", line 351, in parse
    loader.exec_module(new_module)
  File "<frozen importlib._bootstrap_external>", line 995, in exec_module
  File "<frozen importlib._bootstrap>", line 488, in _call_with_frames_removed
  File "/opt/airflow/dags/flight-pipeline.py", line 5, in <module>
    from airflow.providers.standard.operators.python import PythonOperator
ModuleNotFoundError: No module named 'airflow.providers.standard'
[2026-04-13T01:53:19.602+0000] {processor.py:842} WARNING - No viable dags retrieved from /opt/airflow/dags/flight-pipeline.py
[2026-04-13T01:53:19.654+0000] {processor.py:183} INFO - Processing /opt/airflow/dags/flight-pipeline.py took 0.149 seconds
[2026-04-13T01:53:49.914+0000] {processor.py:161} INFO - Started process (PID=26) to work on /opt/airflow/dags/flight-pipeline.py
[2026-04-13T01:53:49.916+0000] {processor.py:830} INFO - Processing file /opt/airflow/dags/flight-pipeline.py for tasks to queue
[2026-04-13T01:53:49.920+0000] {logging_mixin.py:188} INFO - [2026-04-13T01:53:49.920+0000] {dagbag.py:545} INFO - Filling up the DagBag from /opt/airflow/dags/flight-pipeline.py
[2026-04-13T01:53:49.948+0000] {logging_mixin.py:188} INFO - [2026-04-13T01:53:49.941+0000] {dagbag.py:355} ERROR - Failed to import: /opt/airflow/dags/flight-pipeline.py
Traceback (most recent call last):
  File "/home/airflow/.local/lib/python3.12/site-packages/airflow/models/dagbag.py", line 351, in parse
    loader.exec_module(new_module)
  File "<frozen importlib._bootstrap_external>", line 995, in exec_module
  File "<frozen importlib._bootstrap>", line 488, in _call_with_frames_removed
  File "/opt/airflow/dags/flight-pipeline.py", line 5, in <module>
    from airflow.providers.standard.operators.python import PythonOperator
ModuleNotFoundError: No module named 'airflow.providers.standard'
[2026-04-13T01:53:49.950+0000] {processor.py:842} WARNING - No viable dags retrieved from /opt/airflow/dags/flight-pipeline.py
[2026-04-13T01:53:49.999+0000] {processor.py:183} INFO - Processing /opt/airflow/dags/flight-pipeline.py took 0.098 seconds
[2026-04-13T01:55:10.258+0000] {processor.py:161} INFO - Started process (PID=25) to work on /opt/airflow/dags/flight-pipeline.py
[2026-04-13T01:55:10.261+0000] {processor.py:830} INFO - Processing file /opt/airflow/dags/flight-pipeline.py for tasks to queue
[2026-04-13T01:55:10.268+0000] {logging_mixin.py:188} INFO - [2026-04-13T01:55:10.267+0000] {dagbag.py:545} INFO - Filling up the DagBag from /opt/airflow/dags/flight-pipeline.py
[2026-04-13T01:55:10.336+0000] {logging_mixin.py:188} INFO - [2026-04-13T01:55:10.326+0000] {dagbag.py:355} ERROR - Failed to import: /opt/airflow/dags/flight-pipeline.py
Traceback (most recent call last):
  File "/home/airflow/.local/lib/python3.12/site-packages/airflow/models/dagbag.py", line 351, in parse
    loader.exec_module(new_module)
  File "<frozen importlib._bootstrap_external>", line 995, in exec_module
  File "<frozen importlib._bootstrap>", line 488, in _call_with_frames_removed
  File "/opt/airflow/dags/flight-pipeline.py", line 5, in <module>
    from airflow.providers.standard.operators.python import PythonOperator
ModuleNotFoundError: No module named 'airflow.providers.standard'
[2026-04-13T01:55:10.339+0000] {processor.py:842} WARNING - No viable dags retrieved from /opt/airflow/dags/flight-pipeline.py
[2026-04-13T01:55:10.385+0000] {processor.py:183} INFO - Processing /opt/airflow/dags/flight-pipeline.py took 0.142 seconds
[2026-04-13T01:55:40.653+0000] {processor.py:161} INFO - Started process (PID=26) to work on /opt/airflow/dags/flight-pipeline.py
[2026-04-13T01:55:40.654+0000] {processor.py:830} INFO - Processing file /opt/airflow/dags/flight-pipeline.py for tasks to queue
[2026-04-13T01:55:40.657+0000] {logging_mixin.py:188} INFO - [2026-04-13T01:55:40.657+0000] {dagbag.py:545} INFO - Filling up the DagBag from /opt/airflow/dags/flight-pipeline.py
[2026-04-13T01:55:40.681+0000] {logging_mixin.py:188} INFO - [2026-04-13T01:55:40.676+0000] {dagbag.py:355} ERROR - Failed to import: /opt/airflow/dags/flight-pipeline.py
Traceback (most recent call last):
  File "/home/airflow/.local/lib/python3.12/site-packages/airflow/models/dagbag.py", line 351, in parse
    loader.exec_module(new_module)
  File "<frozen importlib._bootstrap_external>", line 995, in exec_module
  File "<frozen importlib._bootstrap>", line 488, in _call_with_frames_removed
  File "/opt/airflow/dags/flight-pipeline.py", line 5, in <module>
    from airflow.providers.standard.operators.python import PythonOperator
ModuleNotFoundError: No module named 'airflow.providers.standard'
[2026-04-13T01:55:40.683+0000] {processor.py:842} WARNING - No viable dags retrieved from /opt/airflow/dags/flight-pipeline.py
[2026-04-13T01:55:40.721+0000] {processor.py:183} INFO - Processing /opt/airflow/dags/flight-pipeline.py took 0.076 seconds
[2026-04-13T01:56:10.970+0000] {processor.py:161} INFO - Started process (PID=27) to work on /opt/airflow/dags/flight-pipeline.py
[2026-04-13T01:56:10.971+0000] {processor.py:830} INFO - Processing file /opt/airflow/dags/flight-pipeline.py for tasks to queue
[2026-04-13T01:56:10.974+0000] {logging_mixin.py:188} INFO - [2026-04-13T01:56:10.974+0000] {dagbag.py:545} INFO - Filling up the DagBag from /opt/airflow/dags/flight-pipeline.py
[2026-04-13T01:56:10.995+0000] {logging_mixin.py:188} INFO - [2026-04-13T01:56:10.991+0000] {dagbag.py:355} ERROR - Failed to import: /opt/airflow/dags/flight-pipeline.py
Traceback (most recent call last):
  File "/home/airflow/.local/lib/python3.12/site-packages/airflow/models/dagbag.py", line 351, in parse
    loader.exec_module(new_module)
  File "<frozen importlib._bootstrap_external>", line 995, in exec_module
  File "<frozen importlib._bootstrap>", line 488, in _call_with_frames_removed
  File "/opt/airflow/dags/flight-pipeline.py", line 5, in <module>
    from airflow.providers.standard.operators.python import PythonOperator
ModuleNotFoundError: No module named 'airflow.providers.standard'
[2026-04-13T01:56:10.997+0000] {processor.py:842} WARNING - No viable dags retrieved from /opt/airflow/dags/flight-pipeline.py
[2026-04-13T01:56:11.028+0000] {processor.py:183} INFO - Processing /opt/airflow/dags/flight-pipeline.py took 0.067 seconds
[2026-04-13T01:56:41.264+0000] {processor.py:161} INFO - Started process (PID=28) to work on /opt/airflow/dags/flight-pipeline.py
[2026-04-13T01:56:41.266+0000] {processor.py:830} INFO - Processing file /opt/airflow/dags/flight-pipeline.py for tasks to queue
[2026-04-13T01:56:41.269+0000] {logging_mixin.py:188} INFO - [2026-04-13T01:56:41.269+0000] {dagbag.py:545} INFO - Filling up the DagBag from /opt/airflow/dags/flight-pipeline.py
[2026-04-13T01:56:41.304+0000] {logging_mixin.py:188} INFO - [2026-04-13T01:56:41.296+0000] {dagbag.py:355} ERROR - Failed to import: /opt/airflow/dags/flight-pipeline.py
Traceback (most recent call last):
  File "/home/airflow/.local/lib/python3.12/site-packages/airflow/models/dagbag.py", line 351, in parse
    loader.exec_module(new_module)
  File "<frozen importlib._bootstrap_external>", line 995, in exec_module
  File "<frozen importlib._bootstrap>", line 488, in _call_with_frames_removed
  File "/opt/airflow/dags/flight-pipeline.py", line 5, in <module>
    from airflow.providers.standard.operators.python import PythonOperator
ModuleNotFoundError: No module named 'airflow.providers.standard'
[2026-04-13T01:56:41.307+0000] {processor.py:842} WARNING - No viable dags retrieved from /opt/airflow/dags/flight-pipeline.py
[2026-04-13T01:56:41.349+0000] {processor.py:183} INFO - Processing /opt/airflow/dags/flight-pipeline.py took 0.097 seconds
[2026-04-13T01:57:11.639+0000] {processor.py:161} INFO - Started process (PID=29) to work on /opt/airflow/dags/flight-pipeline.py
[2026-04-13T01:57:11.640+0000] {processor.py:830} INFO - Processing file /opt/airflow/dags/flight-pipeline.py for tasks to queue
[2026-04-13T01:57:11.643+0000] {logging_mixin.py:188} INFO - [2026-04-13T01:57:11.643+0000] {dagbag.py:545} INFO - Filling up the DagBag from /opt/airflow/dags/flight-pipeline.py
[2026-04-13T01:57:11.667+0000] {logging_mixin.py:188} INFO - [2026-04-13T01:57:11.661+0000] {dagbag.py:355} ERROR - Failed to import: /opt/airflow/dags/flight-pipeline.py
Traceback (most recent call last):
  File "/home/airflow/.local/lib/python3.12/site-packages/airflow/models/dagbag.py", line 351, in parse
    loader.exec_module(new_module)
  File "<frozen importlib._bootstrap_external>", line 995, in exec_module
  File "<frozen importlib._bootstrap>", line 488, in _call_with_frames_removed
  File "/opt/airflow/dags/flight-pipeline.py", line 5, in <module>
    from airflow.providers.standard.operators.python import PythonOperator
ModuleNotFoundError: No module named 'airflow.providers.standard'
[2026-04-13T01:57:11.669+0000] {processor.py:842} WARNING - No viable dags retrieved from /opt/airflow/dags/flight-pipeline.py
[2026-04-13T01:57:11.703+0000] {processor.py:183} INFO - Processing /opt/airflow/dags/flight-pipeline.py took 0.072 seconds
[2026-04-13T01:57:42.109+0000] {processor.py:161} INFO - Started process (PID=30) to work on /opt/airflow/dags/flight-pipeline.py
[2026-04-13T01:57:42.112+0000] {processor.py:830} INFO - Processing file /opt/airflow/dags/flight-pipeline.py for tasks to queue
[2026-04-13T01:57:42.119+0000] {logging_mixin.py:188} INFO - [2026-04-13T01:57:42.118+0000] {dagbag.py:545} INFO - Filling up the DagBag from /opt/airflow/dags/flight-pipeline.py
[2026-04-13T01:57:42.201+0000] {logging_mixin.py:188} INFO - [2026-04-13T01:57:42.184+0000] {dagbag.py:355} ERROR - Failed to import: /opt/airflow/dags/flight-pipeline.py
Traceback (most recent call last):
  File "/home/airflow/.local/lib/python3.12/site-packages/airflow/models/dagbag.py", line 351, in parse
    loader.exec_module(new_module)
  File "<frozen importlib._bootstrap_external>", line 995, in exec_module
  File "<frozen importlib._bootstrap>", line 488, in _call_with_frames_removed
  File "/opt/airflow/dags/flight-pipeline.py", line 5, in <module>
    from airflow.providers.standard.operators.python import PythonOperator
ModuleNotFoundError: No module named 'airflow.providers.standard'
[2026-04-13T01:57:42.205+0000] {processor.py:842} WARNING - No viable dags retrieved from /opt/airflow/dags/flight-pipeline.py
[2026-04-13T01:57:42.294+0000] {processor.py:183} INFO - Processing /opt/airflow/dags/flight-pipeline.py took 0.210 seconds
[2026-04-13T01:58:12.445+0000] {processor.py:161} INFO - Started process (PID=31) to work on /opt/airflow/dags/flight-pipeline.py
[2026-04-13T01:58:12.446+0000] {processor.py:830} INFO - Processing file /opt/airflow/dags/flight-pipeline.py for tasks to queue
[2026-04-13T01:58:12.450+0000] {logging_mixin.py:188} INFO - [2026-04-13T01:58:12.449+0000] {dagbag.py:545} INFO - Filling up the DagBag from /opt/airflow/dags/flight-pipeline.py
[2026-04-13T01:58:12.472+0000] {logging_mixin.py:188} INFO - [2026-04-13T01:58:12.467+0000] {dagbag.py:355} ERROR - Failed to import: /opt/airflow/dags/flight-pipeline.py
Traceback (most recent call last):
  File "/home/airflow/.local/lib/python3.12/site-packages/airflow/models/dagbag.py", line 351, in parse
    loader.exec_module(new_module)
  File "<frozen importlib._bootstrap_external>", line 995, in exec_module
  File "<frozen importlib._bootstrap>", line 488, in _call_with_frames_removed
  File "/opt/airflow/dags/flight-pipeline.py", line 5, in <module>
    from airflow.providers.standard.operators.python import PythonOperator
ModuleNotFoundError: No module named 'airflow.providers.standard'
[2026-04-13T01:58:12.474+0000] {processor.py:842} WARNING - No viable dags retrieved from /opt/airflow/dags/flight-pipeline.py
[2026-04-13T01:58:12.510+0000] {processor.py:183} INFO - Processing /opt/airflow/dags/flight-pipeline.py took 0.074 seconds
[2026-04-13T01:58:42.837+0000] {processor.py:161} INFO - Started process (PID=32) to work on /opt/airflow/dags/flight-pipeline.py
[2026-04-13T01:58:42.839+0000] {processor.py:830} INFO - Processing file /opt/airflow/dags/flight-pipeline.py for tasks to queue
[2026-04-13T01:58:42.841+0000] {logging_mixin.py:188} INFO - [2026-04-13T01:58:42.841+0000] {dagbag.py:545} INFO - Filling up the DagBag from /opt/airflow/dags/flight-pipeline.py
[2026-04-13T01:58:42.867+0000] {logging_mixin.py:188} INFO - [2026-04-13T01:58:42.861+0000] {dagbag.py:355} ERROR - Failed to import: /opt/airflow/dags/flight-pipeline.py
Traceback (most recent call last):
  File "/home/airflow/.local/lib/python3.12/site-packages/airflow/models/dagbag.py", line 351, in parse
    loader.exec_module(new_module)
  File "<frozen importlib._bootstrap_external>", line 995, in exec_module
  File "<frozen importlib._bootstrap>", line 488, in _call_with_frames_removed
  File "/opt/airflow/dags/flight-pipeline.py", line 5, in <module>
    from airflow.providers.standard.operators.python import PythonOperator
ModuleNotFoundError: No module named 'airflow.providers.standard'
[2026-04-13T01:58:42.868+0000] {processor.py:842} WARNING - No viable dags retrieved from /opt/airflow/dags/flight-pipeline.py
[2026-04-13T01:58:42.901+0000] {processor.py:183} INFO - Processing /opt/airflow/dags/flight-pipeline.py took 0.071 seconds
[2026-04-13T01:59:13.197+0000] {processor.py:161} INFO - Started process (PID=33) to work on /opt/airflow/dags/flight-pipeline.py
[2026-04-13T01:59:13.199+0000] {processor.py:830} INFO - Processing file /opt/airflow/dags/flight-pipeline.py for tasks to queue
[2026-04-13T01:59:13.201+0000] {logging_mixin.py:188} INFO - [2026-04-13T01:59:13.201+0000] {dagbag.py:545} INFO - Filling up the DagBag from /opt/airflow/dags/flight-pipeline.py
[2026-04-13T01:59:13.223+0000] {logging_mixin.py:188} INFO - [2026-04-13T01:59:13.218+0000] {dagbag.py:355} ERROR - Failed to import: /opt/airflow/dags/flight-pipeline.py
Traceback (most recent call last):
  File "/home/airflow/.local/lib/python3.12/site-packages/airflow/models/dagbag.py", line 351, in parse
    loader.exec_module(new_module)
  File "<frozen importlib._bootstrap_external>", line 995, in exec_module
  File "<frozen importlib._bootstrap>", line 488, in _call_with_frames_removed
  File "/opt/airflow/dags/flight-pipeline.py", line 5, in <module>
    from airflow.providers.standard.operators.python import PythonOperator
ModuleNotFoundError: No module named 'airflow.providers.standard'
[2026-04-13T01:59:13.224+0000] {processor.py:842} WARNING - No viable dags retrieved from /opt/airflow/dags/flight-pipeline.py
[2026-04-13T01:59:13.256+0000] {processor.py:183} INFO - Processing /opt/airflow/dags/flight-pipeline.py took 0.069 seconds
[2026-04-13T01:59:43.591+0000] {processor.py:161} INFO - Started process (PID=34) to work on /opt/airflow/dags/flight-pipeline.py
[2026-04-13T01:59:43.593+0000] {processor.py:830} INFO - Processing file /opt/airflow/dags/flight-pipeline.py for tasks to queue
[2026-04-13T01:59:43.596+0000] {logging_mixin.py:188} INFO - [2026-04-13T01:59:43.596+0000] {dagbag.py:545} INFO - Filling up the DagBag from /opt/airflow/dags/flight-pipeline.py
[2026-04-13T01:59:43.620+0000] {logging_mixin.py:188} INFO - [2026-04-13T01:59:43.615+0000] {dagbag.py:355} ERROR - Failed to import: /opt/airflow/dags/flight-pipeline.py
Traceback (most recent call last):
  File "/home/airflow/.local/lib/python3.12/site-packages/airflow/models/dagbag.py", line 351, in parse
    loader.exec_module(new_module)
  File "<frozen importlib._bootstrap_external>", line 995, in exec_module
  File "<frozen importlib._bootstrap>", line 488, in _call_with_frames_removed
  File "/opt/airflow/dags/flight-pipeline.py", line 5, in <module>
    from airflow.providers.standard.operators.python import PythonOperator
ModuleNotFoundError: No module named 'airflow.providers.standard'
[2026-04-13T01:59:43.622+0000] {processor.py:842} WARNING - No viable dags retrieved from /opt/airflow/dags/flight-pipeline.py
[2026-04-13T01:59:43.654+0000] {processor.py:183} INFO - Processing /opt/airflow/dags/flight-pipeline.py took 0.071 seconds
[2026-04-13T02:00:14.108+0000] {processor.py:161} INFO - Started process (PID=35) to work on /opt/airflow/dags/flight-pipeline.py
[2026-04-13T02:00:14.109+0000] {processor.py:830} INFO - Processing file /opt/airflow/dags/flight-pipeline.py for tasks to queue
[2026-04-13T02:00:14.112+0000] {logging_mixin.py:188} INFO - [2026-04-13T02:00:14.111+0000] {dagbag.py:545} INFO - Filling up the DagBag from /opt/airflow/dags/flight-pipeline.py
[2026-04-13T02:00:14.138+0000] {logging_mixin.py:188} INFO - [2026-04-13T02:00:14.132+0000] {dagbag.py:355} ERROR - Failed to import: /opt/airflow/dags/flight-pipeline.py
Traceback (most recent call last):
  File "/home/airflow/.local/lib/python3.12/site-packages/airflow/models/dagbag.py", line 351, in parse
    loader.exec_module(new_module)
  File "<frozen importlib._bootstrap_external>", line 995, in exec_module
  File "<frozen importlib._bootstrap>", line 488, in _call_with_frames_removed
  File "/opt/airflow/dags/flight-pipeline.py", line 5, in <module>
    from airflow.providers.standard.operators.python import PythonOperator
ModuleNotFoundError: No module named 'airflow.providers.standard'
[2026-04-13T02:00:14.141+0000] {processor.py:842} WARNING - No viable dags retrieved from /opt/airflow/dags/flight-pipeline.py
[2026-04-13T02:00:14.174+0000] {processor.py:183} INFO - Processing /opt/airflow/dags/flight-pipeline.py took 0.074 seconds
[2026-04-13T02:00:44.462+0000] {processor.py:161} INFO - Started process (PID=36) to work on /opt/airflow/dags/flight-pipeline.py
[2026-04-13T02:00:44.463+0000] {processor.py:830} INFO - Processing file /opt/airflow/dags/flight-pipeline.py for tasks to queue
[2026-04-13T02:00:44.466+0000] {logging_mixin.py:188} INFO - [2026-04-13T02:00:44.465+0000] {dagbag.py:545} INFO - Filling up the DagBag from /opt/airflow/dags/flight-pipeline.py
[2026-04-13T02:00:44.489+0000] {logging_mixin.py:188} INFO - [2026-04-13T02:00:44.484+0000] {dagbag.py:355} ERROR - Failed to import: /opt/airflow/dags/flight-pipeline.py
Traceback (most recent call last):
  File "/home/airflow/.local/lib/python3.12/site-packages/airflow/models/dagbag.py", line 351, in parse
    loader.exec_module(new_module)
  File "<frozen importlib._bootstrap_external>", line 995, in exec_module
  File "<frozen importlib._bootstrap>", line 488, in _call_with_frames_removed
  File "/opt/airflow/dags/flight-pipeline.py", line 5, in <module>
    from airflow.providers.standard.operators.python import PythonOperator
ModuleNotFoundError: No module named 'airflow.providers.standard'
[2026-04-13T02:00:44.491+0000] {processor.py:842} WARNING - No viable dags retrieved from /opt/airflow/dags/flight-pipeline.py
[2026-04-13T02:00:44.530+0000] {processor.py:183} INFO - Processing /opt/airflow/dags/flight-pipeline.py took 0.077 seconds
[2026-04-13T02:01:14.811+0000] {processor.py:161} INFO - Started process (PID=37) to work on /opt/airflow/dags/flight-pipeline.py
[2026-04-13T02:01:14.813+0000] {processor.py:830} INFO - Processing file /opt/airflow/dags/flight-pipeline.py for tasks to queue
[2026-04-13T02:01:14.817+0000] {logging_mixin.py:188} INFO - [2026-04-13T02:01:14.816+0000] {dagbag.py:545} INFO - Filling up the DagBag from /opt/airflow/dags/flight-pipeline.py
[2026-04-13T02:01:14.839+0000] {logging_mixin.py:188} INFO - [2026-04-13T02:01:14.834+0000] {dagbag.py:355} ERROR - Failed to import: /opt/airflow/dags/flight-pipeline.py
Traceback (most recent call last):
  File "/home/airflow/.local/lib/python3.12/site-packages/airflow/models/dagbag.py", line 351, in parse
    loader.exec_module(new_module)
  File "<frozen importlib._bootstrap_external>", line 995, in exec_module
  File "<frozen importlib._bootstrap>", line 488, in _call_with_frames_removed
  File "/opt/airflow/dags/flight-pipeline.py", line 5, in <module>
    from airflow.providers.standard.operators.python import PythonOperator
ModuleNotFoundError: No module named 'airflow.providers.standard'
[2026-04-13T02:01:14.840+0000] {processor.py:842} WARNING - No viable dags retrieved from /opt/airflow/dags/flight-pipeline.py
[2026-04-13T02:01:14.874+0000] {processor.py:183} INFO - Processing /opt/airflow/dags/flight-pipeline.py took 0.071 seconds
[2026-04-13T02:01:34.087+0000] {processor.py:161} INFO - Started process (PID=38) to work on /opt/airflow/dags/flight-pipeline.py
[2026-04-13T02:01:34.088+0000] {processor.py:830} INFO - Processing file /opt/airflow/dags/flight-pipeline.py for tasks to queue
[2026-04-13T02:01:34.090+0000] {logging_mixin.py:188} INFO - [2026-04-13T02:01:34.090+0000] {dagbag.py:545} INFO - Filling up the DagBag from /opt/airflow/dags/flight-pipeline.py
[2026-04-13T02:01:34.123+0000] {logging_mixin.py:188} INFO - [2026-04-13T02:01:34.119+0000] {dagbag.py:355} ERROR - Failed to import: /opt/airflow/dags/flight-pipeline.py
Traceback (most recent call last):
  File "/home/airflow/.local/lib/python3.12/site-packages/airflow/models/dagbag.py", line 351, in parse
    loader.exec_module(new_module)
  File "<frozen importlib._bootstrap_external>", line 995, in exec_module
  File "<frozen importlib._bootstrap>", line 488, in _call_with_frames_removed
  File "/opt/airflow/dags/flight-pipeline.py", line 5, in <module>
    from airflow.providers.standard.operators.python import PythonOperator
ModuleNotFoundError: No module named 'airflow.providers.standard'
[2026-04-13T02:01:34.125+0000] {processor.py:842} WARNING - No viable dags retrieved from /opt/airflow/dags/flight-pipeline.py
[2026-04-13T02:01:34.156+0000] {processor.py:183} INFO - Processing /opt/airflow/dags/flight-pipeline.py took 0.076 seconds
[2026-04-13T02:01:36.181+0000] {processor.py:161} INFO - Started process (PID=39) to work on /opt/airflow/dags/flight-pipeline.py
[2026-04-13T02:01:36.183+0000] {processor.py:830} INFO - Processing file /opt/airflow/dags/flight-pipeline.py for tasks to queue
[2026-04-13T02:01:36.185+0000] {logging_mixin.py:188} INFO - [2026-04-13T02:01:36.185+0000] {dagbag.py:545} INFO - Filling up the DagBag from /opt/airflow/dags/flight-pipeline.py
[2026-04-13T02:01:36.220+0000] {logging_mixin.py:188} INFO - [2026-04-13T02:01:36.215+0000] {dagbag.py:355} ERROR - Failed to import: /opt/airflow/dags/flight-pipeline.py
Traceback (most recent call last):
  File "/home/airflow/.local/lib/python3.12/site-packages/airflow/models/dagbag.py", line 351, in parse
    loader.exec_module(new_module)
  File "<frozen importlib._bootstrap_external>", line 995, in exec_module
  File "<frozen importlib._bootstrap>", line 488, in _call_with_frames_removed
  File "/opt/airflow/dags/flight-pipeline.py", line 5, in <module>
    from airflow.providers.standard.operators.python import PythonOperator
ModuleNotFoundError: No module named 'airflow.providers.standard'
[2026-04-13T02:01:36.221+0000] {processor.py:842} WARNING - No viable dags retrieved from /opt/airflow/dags/flight-pipeline.py
[2026-04-13T02:01:36.254+0000] {processor.py:183} INFO - Processing /opt/airflow/dags/flight-pipeline.py took 0.082 seconds
[2026-04-13T02:02:06.547+0000] {processor.py:161} INFO - Started process (PID=40) to work on /opt/airflow/dags/flight-pipeline.py
[2026-04-13T02:02:06.548+0000] {processor.py:830} INFO - Processing file /opt/airflow/dags/flight-pipeline.py for tasks to queue
[2026-04-13T02:02:06.551+0000] {logging_mixin.py:188} INFO - [2026-04-13T02:02:06.550+0000] {dagbag.py:545} INFO - Filling up the DagBag from /opt/airflow/dags/flight-pipeline.py
[2026-04-13T02:02:06.574+0000] {logging_mixin.py:188} INFO - [2026-04-13T02:02:06.568+0000] {dagbag.py:355} ERROR - Failed to import: /opt/airflow/dags/flight-pipeline.py
Traceback (most recent call last):
  File "/home/airflow/.local/lib/python3.12/site-packages/airflow/models/dagbag.py", line 351, in parse
    loader.exec_module(new_module)
  File "<frozen importlib._bootstrap_external>", line 995, in exec_module
  File "<frozen importlib._bootstrap>", line 488, in _call_with_frames_removed
  File "/opt/airflow/dags/flight-pipeline.py", line 5, in <module>
    from airflow.providers.standard.operators.python import PythonOperator
ModuleNotFoundError: No module named 'airflow.providers.standard'
[2026-04-13T02:02:06.575+0000] {processor.py:842} WARNING - No viable dags retrieved from /opt/airflow/dags/flight-pipeline.py
[2026-04-13T02:02:06.608+0000] {processor.py:183} INFO - Processing /opt/airflow/dags/flight-pipeline.py took 0.068 seconds
[2026-04-13T02:02:36.875+0000] {processor.py:161} INFO - Started process (PID=41) to work on /opt/airflow/dags/flight-pipeline.py
[2026-04-13T02:02:36.877+0000] {processor.py:830} INFO - Processing file /opt/airflow/dags/flight-pipeline.py for tasks to queue
[2026-04-13T02:02:36.881+0000] {logging_mixin.py:188} INFO - [2026-04-13T02:02:36.880+0000] {dagbag.py:545} INFO - Filling up the DagBag from /opt/airflow/dags/flight-pipeline.py
[2026-04-13T02:02:36.911+0000] {logging_mixin.py:188} INFO - [2026-04-13T02:02:36.905+0000] {dagbag.py:355} ERROR - Failed to import: /opt/airflow/dags/flight-pipeline.py
Traceback (most recent call last):
  File "/home/airflow/.local/lib/python3.12/site-packages/airflow/models/dagbag.py", line 351, in parse
    loader.exec_module(new_module)
  File "<frozen importlib._bootstrap_external>", line 995, in exec_module
  File "<frozen importlib._bootstrap>", line 488, in _call_with_frames_removed
  File "/opt/airflow/dags/flight-pipeline.py", line 5, in <module>
    from airflow.providers.standard.operators.python import PythonOperator
ModuleNotFoundError: No module named 'airflow.providers.standard'
[2026-04-13T02:02:36.914+0000] {processor.py:842} WARNING - No viable dags retrieved from /opt/airflow/dags/flight-pipeline.py
[2026-04-13T02:02:36.947+0000] {processor.py:183} INFO - Processing /opt/airflow/dags/flight-pipeline.py took 0.078 seconds
[2026-04-13T02:03:07.400+0000] {processor.py:161} INFO - Started process (PID=42) to work on /opt/airflow/dags/flight-pipeline.py
[2026-04-13T02:03:07.402+0000] {processor.py:830} INFO - Processing file /opt/airflow/dags/flight-pipeline.py for tasks to queue
[2026-04-13T02:03:07.406+0000] {logging_mixin.py:188} INFO - [2026-04-13T02:03:07.406+0000] {dagbag.py:545} INFO - Filling up the DagBag from /opt/airflow/dags/flight-pipeline.py
[2026-04-13T02:03:07.432+0000] {logging_mixin.py:188} INFO - [2026-04-13T02:03:07.426+0000] {dagbag.py:355} ERROR - Failed to import: /opt/airflow/dags/flight-pipeline.py
Traceback (most recent call last):
  File "/home/airflow/.local/lib/python3.12/site-packages/airflow/models/dagbag.py", line 351, in parse
    loader.exec_module(new_module)
  File "<frozen importlib._bootstrap_external>", line 995, in exec_module
  File "<frozen importlib._bootstrap>", line 488, in _call_with_frames_removed
  File "/opt/airflow/dags/flight-pipeline.py", line 5, in <module>
    from airflow.providers.standard.operators.python import PythonOperator
ModuleNotFoundError: No module named 'airflow.providers.standard'
[2026-04-13T02:03:07.434+0000] {processor.py:842} WARNING - No viable dags retrieved from /opt/airflow/dags/flight-pipeline.py
[2026-04-13T02:03:07.468+0000] {processor.py:183} INFO - Processing /opt/airflow/dags/flight-pipeline.py took 0.074 seconds
[2026-04-13T02:03:37.844+0000] {processor.py:161} INFO - Started process (PID=43) to work on /opt/airflow/dags/flight-pipeline.py
[2026-04-13T02:03:37.846+0000] {processor.py:830} INFO - Processing file /opt/airflow/dags/flight-pipeline.py for tasks to queue
[2026-04-13T02:03:37.848+0000] {logging_mixin.py:188} INFO - [2026-04-13T02:03:37.848+0000] {dagbag.py:545} INFO - Filling up the DagBag from /opt/airflow/dags/flight-pipeline.py
[2026-04-13T02:03:37.870+0000] {logging_mixin.py:188} INFO - [2026-04-13T02:03:37.866+0000] {dagbag.py:355} ERROR - Failed to import: /opt/airflow/dags/flight-pipeline.py
Traceback (most recent call last):
  File "/home/airflow/.local/lib/python3.12/site-packages/airflow/models/dagbag.py", line 351, in parse
    loader.exec_module(new_module)
  File "<frozen importlib._bootstrap_external>", line 995, in exec_module
  File "<frozen importlib._bootstrap>", line 488, in _call_with_frames_removed
  File "/opt/airflow/dags/flight-pipeline.py", line 5, in <module>
    from airflow.providers.standard.operators.python import PythonOperator
ModuleNotFoundError: No module named 'airflow.providers.standard'
[2026-04-13T02:03:37.873+0000] {processor.py:842} WARNING - No viable dags retrieved from /opt/airflow/dags/flight-pipeline.py
[2026-04-13T02:03:37.899+0000] {processor.py:183} INFO - Processing /opt/airflow/dags/flight-pipeline.py took 0.063 seconds
[2026-04-13T02:04:08.302+0000] {processor.py:161} INFO - Started process (PID=44) to work on /opt/airflow/dags/flight-pipeline.py
[2026-04-13T02:04:08.304+0000] {processor.py:830} INFO - Processing file /opt/airflow/dags/flight-pipeline.py for tasks to queue
[2026-04-13T02:04:08.306+0000] {logging_mixin.py:188} INFO - [2026-04-13T02:04:08.306+0000] {dagbag.py:545} INFO - Filling up the DagBag from /opt/airflow/dags/flight-pipeline.py
[2026-04-13T02:04:08.326+0000] {logging_mixin.py:188} INFO - [2026-04-13T02:04:08.322+0000] {dagbag.py:355} ERROR - Failed to import: /opt/airflow/dags/flight-pipeline.py
Traceback (most recent call last):
  File "/home/airflow/.local/lib/python3.12/site-packages/airflow/models/dagbag.py", line 351, in parse
    loader.exec_module(new_module)
  File "<frozen importlib._bootstrap_external>", line 995, in exec_module
  File "<frozen importlib._bootstrap>", line 488, in _call_with_frames_removed
  File "/opt/airflow/dags/flight-pipeline.py", line 5, in <module>
    from airflow.providers.standard.operators.python import PythonOperator
ModuleNotFoundError: No module named 'airflow.providers.standard'
[2026-04-13T02:04:08.328+0000] {processor.py:842} WARNING - No viable dags retrieved from /opt/airflow/dags/flight-pipeline.py
[2026-04-13T02:04:08.358+0000] {processor.py:183} INFO - Processing /opt/airflow/dags/flight-pipeline.py took 0.063 seconds
[2026-04-13T02:04:38.717+0000] {processor.py:161} INFO - Started process (PID=45) to work on /opt/airflow/dags/flight-pipeline.py
[2026-04-13T02:04:38.719+0000] {processor.py:830} INFO - Processing file /opt/airflow/dags/flight-pipeline.py for tasks to queue
[2026-04-13T02:04:38.721+0000] {logging_mixin.py:188} INFO - [2026-04-13T02:04:38.721+0000] {dagbag.py:545} INFO - Filling up the DagBag from /opt/airflow/dags/flight-pipeline.py
[2026-04-13T02:04:38.749+0000] {logging_mixin.py:188} INFO - [2026-04-13T02:04:38.743+0000] {dagbag.py:355} ERROR - Failed to import: /opt/airflow/dags/flight-pipeline.py
Traceback (most recent call last):
  File "/home/airflow/.local/lib/python3.12/site-packages/airflow/models/dagbag.py", line 351, in parse
    loader.exec_module(new_module)
  File "<frozen importlib._bootstrap_external>", line 995, in exec_module
  File "<frozen importlib._bootstrap>", line 488, in _call_with_frames_removed
  File "/opt/airflow/dags/flight-pipeline.py", line 5, in <module>
    from airflow.providers.standard.operators.python import PythonOperator
ModuleNotFoundError: No module named 'airflow.providers.standard'
[2026-04-13T02:04:38.750+0000] {processor.py:842} WARNING - No viable dags retrieved from /opt/airflow/dags/flight-pipeline.py
[2026-04-13T02:04:38.787+0000] {processor.py:183} INFO - Processing /opt/airflow/dags/flight-pipeline.py took 0.077 seconds
[2026-04-13T02:05:07.072+0000] {processor.py:161} INFO - Started process (PID=46) to work on /opt/airflow/dags/flight-pipeline.py
[2026-04-13T02:05:07.073+0000] {processor.py:830} INFO - Processing file /opt/airflow/dags/flight-pipeline.py for tasks to queue
[2026-04-13T02:05:07.076+0000] {logging_mixin.py:188} INFO - [2026-04-13T02:05:07.075+0000] {dagbag.py:545} INFO - Filling up the DagBag from /opt/airflow/dags/flight-pipeline.py
[2026-04-13T02:05:07.116+0000] {logging_mixin.py:188} INFO - [2026-04-13T02:05:07.111+0000] {dagbag.py:355} ERROR - Failed to import: /opt/airflow/dags/flight-pipeline.py
Traceback (most recent call last):
  File "/home/airflow/.local/lib/python3.12/site-packages/airflow/models/dagbag.py", line 351, in parse
    loader.exec_module(new_module)
  File "<frozen importlib._bootstrap_external>", line 995, in exec_module
  File "<frozen importlib._bootstrap>", line 488, in _call_with_frames_removed
  File "/opt/airflow/dags/flight-pipeline.py", line 5, in <module>
    from airflow.providers.standard.operators.python import PythonOperator
ModuleNotFoundError: No module named 'airflow.providers.standard'
[2026-04-13T02:05:07.118+0000] {processor.py:842} WARNING - No viable dags retrieved from /opt/airflow/dags/flight-pipeline.py
[2026-04-13T02:05:07.154+0000] {processor.py:183} INFO - Processing /opt/airflow/dags/flight-pipeline.py took 0.089 seconds
[2026-04-13T02:05:11.315+0000] {processor.py:161} INFO - Started process (PID=47) to work on /opt/airflow/dags/flight-pipeline.py
[2026-04-13T02:05:11.316+0000] {processor.py:830} INFO - Processing file /opt/airflow/dags/flight-pipeline.py for tasks to queue
[2026-04-13T02:05:11.319+0000] {logging_mixin.py:188} INFO - [2026-04-13T02:05:11.319+0000] {dagbag.py:545} INFO - Filling up the DagBag from /opt/airflow/dags/flight-pipeline.py
[2026-04-13T02:05:11.359+0000] {logging_mixin.py:188} INFO - [2026-04-13T02:05:11.353+0000] {dagbag.py:355} ERROR - Failed to import: /opt/airflow/dags/flight-pipeline.py
Traceback (most recent call last):
  File "/home/airflow/.local/lib/python3.12/site-packages/airflow/models/dagbag.py", line 351, in parse
    loader.exec_module(new_module)
  File "<frozen importlib._bootstrap_external>", line 995, in exec_module
  File "<frozen importlib._bootstrap>", line 488, in _call_with_frames_removed
  File "/opt/airflow/dags/flight-pipeline.py", line 5, in <module>
    from airflow.providers.standard.operators.python import PythonOperator
ModuleNotFoundError: No module named 'airflow.providers.standard'
[2026-04-13T02:05:11.361+0000] {processor.py:842} WARNING - No viable dags retrieved from /opt/airflow/dags/flight-pipeline.py
[2026-04-13T02:05:11.392+0000] {processor.py:183} INFO - Processing /opt/airflow/dags/flight-pipeline.py took 0.084 seconds
[2026-04-13T02:10:57.516+0000] {processor.py:161} INFO - Started process (PID=25) to work on /opt/airflow/dags/flight-pipeline.py
[2026-04-13T02:10:57.525+0000] {processor.py:830} INFO - Processing file /opt/airflow/dags/flight-pipeline.py for tasks to queue
[2026-04-13T02:10:57.538+0000] {logging_mixin.py:188} INFO - [2026-04-13T02:10:57.531+0000] {dagbag.py:545} INFO - Filling up the DagBag from /opt/airflow/dags/flight-pipeline.py
[2026-04-13T02:10:57.663+0000] {logging_mixin.py:188} INFO - [2026-04-13T02:10:57.645+0000] {dagbag.py:355} ERROR - Failed to import: /opt/airflow/dags/flight-pipeline.py
Traceback (most recent call last):
  File "/home/airflow/.local/lib/python3.12/site-packages/airflow/models/dagbag.py", line 351, in parse
    loader.exec_module(new_module)
  File "<frozen importlib._bootstrap_external>", line 995, in exec_module
  File "<frozen importlib._bootstrap>", line 488, in _call_with_frames_removed
  File "/opt/airflow/dags/flight-pipeline.py", line 5, in <module>
    from airflow.providers.standard.operators.python import PythonOperator
ModuleNotFoundError: No module named 'airflow.providers.standard'
[2026-04-13T02:10:57.676+0000] {processor.py:842} WARNING - No viable dags retrieved from /opt/airflow/dags/flight-pipeline.py
[2026-04-13T02:10:57.760+0000] {processor.py:183} INFO - Processing /opt/airflow/dags/flight-pipeline.py took 0.269 seconds
[2026-04-13T02:11:27.924+0000] {processor.py:161} INFO - Started process (PID=26) to work on /opt/airflow/dags/flight-pipeline.py
[2026-04-13T02:11:27.925+0000] {processor.py:830} INFO - Processing file /opt/airflow/dags/flight-pipeline.py for tasks to queue
[2026-04-13T02:11:27.930+0000] {logging_mixin.py:188} INFO - [2026-04-13T02:11:27.929+0000] {dagbag.py:545} INFO - Filling up the DagBag from /opt/airflow/dags/flight-pipeline.py
[2026-04-13T02:11:27.953+0000] {logging_mixin.py:188} INFO - [2026-04-13T02:11:27.948+0000] {dagbag.py:355} ERROR - Failed to import: /opt/airflow/dags/flight-pipeline.py
Traceback (most recent call last):
  File "/home/airflow/.local/lib/python3.12/site-packages/airflow/models/dagbag.py", line 351, in parse
    loader.exec_module(new_module)
  File "<frozen importlib._bootstrap_external>", line 995, in exec_module
  File "<frozen importlib._bootstrap>", line 488, in _call_with_frames_removed
  File "/opt/airflow/dags/flight-pipeline.py", line 5, in <module>
    from airflow.providers.standard.operators.python import PythonOperator
ModuleNotFoundError: No module named 'airflow.providers.standard'
[2026-04-13T02:11:27.955+0000] {processor.py:842} WARNING - No viable dags retrieved from /opt/airflow/dags/flight-pipeline.py
[2026-04-13T02:11:27.991+0000] {processor.py:183} INFO - Processing /opt/airflow/dags/flight-pipeline.py took 0.076 seconds
[2026-04-13T02:11:58.357+0000] {processor.py:161} INFO - Started process (PID=27) to work on /opt/airflow/dags/flight-pipeline.py
[2026-04-13T02:11:58.358+0000] {processor.py:830} INFO - Processing file /opt/airflow/dags/flight-pipeline.py for tasks to queue
[2026-04-13T02:11:58.361+0000] {logging_mixin.py:188} INFO - [2026-04-13T02:11:58.361+0000] {dagbag.py:545} INFO - Filling up the DagBag from /opt/airflow/dags/flight-pipeline.py
[2026-04-13T02:11:58.384+0000] {logging_mixin.py:188} INFO - [2026-04-13T02:11:58.378+0000] {dagbag.py:355} ERROR - Failed to import: /opt/airflow/dags/flight-pipeline.py
Traceback (most recent call last):
  File "/home/airflow/.local/lib/python3.12/site-packages/airflow/models/dagbag.py", line 351, in parse
    loader.exec_module(new_module)
  File "<frozen importlib._bootstrap_external>", line 995, in exec_module
  File "<frozen importlib._bootstrap>", line 488, in _call_with_frames_removed
  File "/opt/airflow/dags/flight-pipeline.py", line 5, in <module>
    from airflow.providers.standard.operators.python import PythonOperator
ModuleNotFoundError: No module named 'airflow.providers.standard'
[2026-04-13T02:11:58.387+0000] {processor.py:842} WARNING - No viable dags retrieved from /opt/airflow/dags/flight-pipeline.py
[2026-04-13T02:11:58.418+0000] {processor.py:183} INFO - Processing /opt/airflow/dags/flight-pipeline.py took 0.069 seconds
[2026-04-13T02:12:28.661+0000] {processor.py:161} INFO - Started process (PID=28) to work on /opt/airflow/dags/flight-pipeline.py
[2026-04-13T02:12:28.663+0000] {processor.py:830} INFO - Processing file /opt/airflow/dags/flight-pipeline.py for tasks to queue
[2026-04-13T02:12:28.668+0000] {logging_mixin.py:188} INFO - [2026-04-13T02:12:28.667+0000] {dagbag.py:545} INFO - Filling up the DagBag from /opt/airflow/dags/flight-pipeline.py
[2026-04-13T02:12:28.696+0000] {logging_mixin.py:188} INFO - [2026-04-13T02:12:28.690+0000] {dagbag.py:355} ERROR - Failed to import: /opt/airflow/dags/flight-pipeline.py
Traceback (most recent call last):
  File "/home/airflow/.local/lib/python3.12/site-packages/airflow/models/dagbag.py", line 351, in parse
    loader.exec_module(new_module)
  File "<frozen importlib._bootstrap_external>", line 995, in exec_module
  File "<frozen importlib._bootstrap>", line 488, in _call_with_frames_removed
  File "/opt/airflow/dags/flight-pipeline.py", line 5, in <module>
    from airflow.providers.standard.operators.python import PythonOperator
ModuleNotFoundError: No module named 'airflow.providers.standard'
[2026-04-13T02:12:28.698+0000] {processor.py:842} WARNING - No viable dags retrieved from /opt/airflow/dags/flight-pipeline.py
[2026-04-13T02:12:28.732+0000] {processor.py:183} INFO - Processing /opt/airflow/dags/flight-pipeline.py took 0.079 seconds
[2026-04-13T02:12:59.129+0000] {processor.py:161} INFO - Started process (PID=29) to work on /opt/airflow/dags/flight-pipeline.py
[2026-04-13T02:12:59.130+0000] {processor.py:830} INFO - Processing file /opt/airflow/dags/flight-pipeline.py for tasks to queue
[2026-04-13T02:12:59.134+0000] {logging_mixin.py:188} INFO - [2026-04-13T02:12:59.133+0000] {dagbag.py:545} INFO - Filling up the DagBag from /opt/airflow/dags/flight-pipeline.py
[2026-04-13T02:12:59.163+0000] {logging_mixin.py:188} INFO - [2026-04-13T02:12:59.157+0000] {dagbag.py:355} ERROR - Failed to import: /opt/airflow/dags/flight-pipeline.py
Traceback (most recent call last):
  File "/home/airflow/.local/lib/python3.12/site-packages/airflow/models/dagbag.py", line 351, in parse
    loader.exec_module(new_module)
  File "<frozen importlib._bootstrap_external>", line 995, in exec_module
  File "<frozen importlib._bootstrap>", line 488, in _call_with_frames_removed
  File "/opt/airflow/dags/flight-pipeline.py", line 5, in <module>
    from airflow.providers.standard.operators.python import PythonOperator
ModuleNotFoundError: No module named 'airflow.providers.standard'
[2026-04-13T02:12:59.165+0000] {processor.py:842} WARNING - No viable dags retrieved from /opt/airflow/dags/flight-pipeline.py
[2026-04-13T02:12:59.196+0000] {processor.py:183} INFO - Processing /opt/airflow/dags/flight-pipeline.py took 0.075 seconds
[2026-04-13T02:13:29.462+0000] {processor.py:161} INFO - Started process (PID=30) to work on /opt/airflow/dags/flight-pipeline.py
[2026-04-13T02:13:29.463+0000] {processor.py:830} INFO - Processing file /opt/airflow/dags/flight-pipeline.py for tasks to queue
[2026-04-13T02:13:29.465+0000] {logging_mixin.py:188} INFO - [2026-04-13T02:13:29.465+0000] {dagbag.py:545} INFO - Filling up the DagBag from /opt/airflow/dags/flight-pipeline.py
[2026-04-13T02:13:29.486+0000] {logging_mixin.py:188} INFO - [2026-04-13T02:13:29.481+0000] {dagbag.py:355} ERROR - Failed to import: /opt/airflow/dags/flight-pipeline.py
Traceback (most recent call last):
  File "/home/airflow/.local/lib/python3.12/site-packages/airflow/models/dagbag.py", line 351, in parse
    loader.exec_module(new_module)
  File "<frozen importlib._bootstrap_external>", line 995, in exec_module
  File "<frozen importlib._bootstrap>", line 488, in _call_with_frames_removed
  File "/opt/airflow/dags/flight-pipeline.py", line 5, in <module>
    from airflow.providers.standard.operators.python import PythonOperator
ModuleNotFoundError: No module named 'airflow.providers.standard'
[2026-04-13T02:13:29.487+0000] {processor.py:842} WARNING - No viable dags retrieved from /opt/airflow/dags/flight-pipeline.py
[2026-04-13T02:13:29.518+0000] {processor.py:183} INFO - Processing /opt/airflow/dags/flight-pipeline.py took 0.064 seconds
[2026-04-13T02:13:59.737+0000] {processor.py:161} INFO - Started process (PID=31) to work on /opt/airflow/dags/flight-pipeline.py
[2026-04-13T02:13:59.738+0000] {processor.py:830} INFO - Processing file /opt/airflow/dags/flight-pipeline.py for tasks to queue
[2026-04-13T02:13:59.741+0000] {logging_mixin.py:188} INFO - [2026-04-13T02:13:59.740+0000] {dagbag.py:545} INFO - Filling up the DagBag from /opt/airflow/dags/flight-pipeline.py
[2026-04-13T02:13:59.764+0000] {logging_mixin.py:188} INFO - [2026-04-13T02:13:59.759+0000] {dagbag.py:355} ERROR - Failed to import: /opt/airflow/dags/flight-pipeline.py
Traceback (most recent call last):
  File "/home/airflow/.local/lib/python3.12/site-packages/airflow/models/dagbag.py", line 351, in parse
    loader.exec_module(new_module)
  File "<frozen importlib._bootstrap_external>", line 995, in exec_module
  File "<frozen importlib._bootstrap>", line 488, in _call_with_frames_removed
  File "/opt/airflow/dags/flight-pipeline.py", line 5, in <module>
    from airflow.providers.standard.operators.python import PythonOperator
ModuleNotFoundError: No module named 'airflow.providers.standard'
[2026-04-13T02:13:59.766+0000] {processor.py:842} WARNING - No viable dags retrieved from /opt/airflow/dags/flight-pipeline.py
[2026-04-13T02:13:59.794+0000] {processor.py:183} INFO - Processing /opt/airflow/dags/flight-pipeline.py took 0.065 seconds
[2026-04-13T02:14:30.325+0000] {processor.py:161} INFO - Started process (PID=32) to work on /opt/airflow/dags/flight-pipeline.py
[2026-04-13T02:14:30.326+0000] {processor.py:830} INFO - Processing file /opt/airflow/dags/flight-pipeline.py for tasks to queue
[2026-04-13T02:14:30.329+0000] {logging_mixin.py:188} INFO - [2026-04-13T02:14:30.329+0000] {dagbag.py:545} INFO - Filling up the DagBag from /opt/airflow/dags/flight-pipeline.py
[2026-04-13T02:14:30.355+0000] {logging_mixin.py:188} INFO - [2026-04-13T02:14:30.349+0000] {dagbag.py:355} ERROR - Failed to import: /opt/airflow/dags/flight-pipeline.py
Traceback (most recent call last):
  File "/home/airflow/.local/lib/python3.12/site-packages/airflow/models/dagbag.py", line 351, in parse
    loader.exec_module(new_module)
  File "<frozen importlib._bootstrap_external>", line 995, in exec_module
  File "<frozen importlib._bootstrap>", line 488, in _call_with_frames_removed
  File "/opt/airflow/dags/flight-pipeline.py", line 5, in <module>
    from airflow.providers.standard.operators.python import PythonOperator
ModuleNotFoundError: No module named 'airflow.providers.standard'
[2026-04-13T02:14:30.357+0000] {processor.py:842} WARNING - No viable dags retrieved from /opt/airflow/dags/flight-pipeline.py
[2026-04-13T02:14:30.390+0000] {processor.py:183} INFO - Processing /opt/airflow/dags/flight-pipeline.py took 0.072 seconds
[2026-04-13T02:15:00.846+0000] {processor.py:161} INFO - Started process (PID=33) to work on /opt/airflow/dags/flight-pipeline.py
[2026-04-13T02:15:00.847+0000] {processor.py:830} INFO - Processing file /opt/airflow/dags/flight-pipeline.py for tasks to queue
[2026-04-13T02:15:00.850+0000] {logging_mixin.py:188} INFO - [2026-04-13T02:15:00.850+0000] {dagbag.py:545} INFO - Filling up the DagBag from /opt/airflow/dags/flight-pipeline.py
[2026-04-13T02:15:00.873+0000] {logging_mixin.py:188} INFO - [2026-04-13T02:15:00.869+0000] {dagbag.py:355} ERROR - Failed to import: /opt/airflow/dags/flight-pipeline.py
Traceback (most recent call last):
  File "/home/airflow/.local/lib/python3.12/site-packages/airflow/models/dagbag.py", line 351, in parse
    loader.exec_module(new_module)
  File "<frozen importlib._bootstrap_external>", line 995, in exec_module
  File "<frozen importlib._bootstrap>", line 488, in _call_with_frames_removed
  File "/opt/airflow/dags/flight-pipeline.py", line 5, in <module>
    from airflow.providers.standard.operators.python import PythonOperator
ModuleNotFoundError: No module named 'airflow.providers.standard'
[2026-04-13T02:15:00.875+0000] {processor.py:842} WARNING - No viable dags retrieved from /opt/airflow/dags/flight-pipeline.py
[2026-04-13T02:15:00.907+0000] {processor.py:183} INFO - Processing /opt/airflow/dags/flight-pipeline.py took 0.069 seconds
[2026-04-13T02:15:31.429+0000] {processor.py:161} INFO - Started process (PID=34) to work on /opt/airflow/dags/flight-pipeline.py
[2026-04-13T02:15:31.431+0000] {processor.py:830} INFO - Processing file /opt/airflow/dags/flight-pipeline.py for tasks to queue
[2026-04-13T02:15:31.434+0000] {logging_mixin.py:188} INFO - [2026-04-13T02:15:31.433+0000] {dagbag.py:545} INFO - Filling up the DagBag from /opt/airflow/dags/flight-pipeline.py
[2026-04-13T02:15:31.458+0000] {logging_mixin.py:188} INFO - [2026-04-13T02:15:31.453+0000] {dagbag.py:355} ERROR - Failed to import: /opt/airflow/dags/flight-pipeline.py
Traceback (most recent call last):
  File "/home/airflow/.local/lib/python3.12/site-packages/airflow/models/dagbag.py", line 351, in parse
    loader.exec_module(new_module)
  File "<frozen importlib._bootstrap_external>", line 995, in exec_module
  File "<frozen importlib._bootstrap>", line 488, in _call_with_frames_removed
  File "/opt/airflow/dags/flight-pipeline.py", line 5, in <module>
    from airflow.providers.standard.operators.python import PythonOperator
ModuleNotFoundError: No module named 'airflow.providers.standard'
[2026-04-13T02:15:31.460+0000] {processor.py:842} WARNING - No viable dags retrieved from /opt/airflow/dags/flight-pipeline.py
[2026-04-13T02:15:31.493+0000] {processor.py:183} INFO - Processing /opt/airflow/dags/flight-pipeline.py took 0.072 seconds
[2026-04-13T02:16:02.038+0000] {processor.py:161} INFO - Started process (PID=35) to work on /opt/airflow/dags/flight-pipeline.py
[2026-04-13T02:16:02.039+0000] {processor.py:830} INFO - Processing file /opt/airflow/dags/flight-pipeline.py for tasks to queue
[2026-04-13T02:16:02.043+0000] {logging_mixin.py:188} INFO - [2026-04-13T02:16:02.043+0000] {dagbag.py:545} INFO - Filling up the DagBag from /opt/airflow/dags/flight-pipeline.py
[2026-04-13T02:16:02.070+0000] {logging_mixin.py:188} INFO - [2026-04-13T02:16:02.065+0000] {dagbag.py:355} ERROR - Failed to import: /opt/airflow/dags/flight-pipeline.py
Traceback (most recent call last):
  File "/home/airflow/.local/lib/python3.12/site-packages/airflow/models/dagbag.py", line 351, in parse
    loader.exec_module(new_module)
  File "<frozen importlib._bootstrap_external>", line 995, in exec_module
  File "<frozen importlib._bootstrap>", line 488, in _call_with_frames_removed
  File "/opt/airflow/dags/flight-pipeline.py", line 5, in <module>
    from airflow.providers.standard.operators.python import PythonOperator
ModuleNotFoundError: No module named 'airflow.providers.standard'
[2026-04-13T02:16:02.072+0000] {processor.py:842} WARNING - No viable dags retrieved from /opt/airflow/dags/flight-pipeline.py
[2026-04-13T02:16:02.105+0000] {processor.py:183} INFO - Processing /opt/airflow/dags/flight-pipeline.py took 0.076 seconds
[2026-04-13T02:16:32.502+0000] {processor.py:161} INFO - Started process (PID=36) to work on /opt/airflow/dags/flight-pipeline.py
[2026-04-13T02:16:32.503+0000] {processor.py:830} INFO - Processing file /opt/airflow/dags/flight-pipeline.py for tasks to queue
[2026-04-13T02:16:32.506+0000] {logging_mixin.py:188} INFO - [2026-04-13T02:16:32.506+0000] {dagbag.py:545} INFO - Filling up the DagBag from /opt/airflow/dags/flight-pipeline.py
[2026-04-13T02:16:32.530+0000] {logging_mixin.py:188} INFO - [2026-04-13T02:16:32.525+0000] {dagbag.py:355} ERROR - Failed to import: /opt/airflow/dags/flight-pipeline.py
Traceback (most recent call last):
  File "/home/airflow/.local/lib/python3.12/site-packages/airflow/models/dagbag.py", line 351, in parse
    loader.exec_module(new_module)
  File "<frozen importlib._bootstrap_external>", line 995, in exec_module
  File "<frozen importlib._bootstrap>", line 488, in _call_with_frames_removed
  File "/opt/airflow/dags/flight-pipeline.py", line 5, in <module>
    from airflow.providers.standard.operators.python import PythonOperator
ModuleNotFoundError: No module named 'airflow.providers.standard'
[2026-04-13T02:16:32.532+0000] {processor.py:842} WARNING - No viable dags retrieved from /opt/airflow/dags/flight-pipeline.py
[2026-04-13T02:16:32.562+0000] {processor.py:183} INFO - Processing /opt/airflow/dags/flight-pipeline.py took 0.067 seconds
[2026-04-13T02:17:02.860+0000] {processor.py:161} INFO - Started process (PID=37) to work on /opt/airflow/dags/flight-pipeline.py
[2026-04-13T02:17:02.861+0000] {processor.py:830} INFO - Processing file /opt/airflow/dags/flight-pipeline.py for tasks to queue
[2026-04-13T02:17:02.864+0000] {logging_mixin.py:188} INFO - [2026-04-13T02:17:02.864+0000] {dagbag.py:545} INFO - Filling up the DagBag from /opt/airflow/dags/flight-pipeline.py
[2026-04-13T02:17:02.889+0000] {logging_mixin.py:188} INFO - [2026-04-13T02:17:02.883+0000] {dagbag.py:355} ERROR - Failed to import: /opt/airflow/dags/flight-pipeline.py
Traceback (most recent call last):
  File "/home/airflow/.local/lib/python3.12/site-packages/airflow/models/dagbag.py", line 351, in parse
    loader.exec_module(new_module)
  File "<frozen importlib._bootstrap_external>", line 995, in exec_module
  File "<frozen importlib._bootstrap>", line 488, in _call_with_frames_removed
  File "/opt/airflow/dags/flight-pipeline.py", line 5, in <module>
    from airflow.providers.standard.operators.python import PythonOperator
ModuleNotFoundError: No module named 'airflow.providers.standard'
[2026-04-13T02:17:02.891+0000] {processor.py:842} WARNING - No viable dags retrieved from /opt/airflow/dags/flight-pipeline.py
[2026-04-13T02:17:02.924+0000] {processor.py:183} INFO - Processing /opt/airflow/dags/flight-pipeline.py took 0.072 seconds
[2026-04-13T02:17:33.215+0000] {processor.py:161} INFO - Started process (PID=38) to work on /opt/airflow/dags/flight-pipeline.py
[2026-04-13T02:17:33.216+0000] {processor.py:830} INFO - Processing file /opt/airflow/dags/flight-pipeline.py for tasks to queue
[2026-04-13T02:17:33.218+0000] {logging_mixin.py:188} INFO - [2026-04-13T02:17:33.218+0000] {dagbag.py:545} INFO - Filling up the DagBag from /opt/airflow/dags/flight-pipeline.py
[2026-04-13T02:17:33.239+0000] {logging_mixin.py:188} INFO - [2026-04-13T02:17:33.235+0000] {dagbag.py:355} ERROR - Failed to import: /opt/airflow/dags/flight-pipeline.py
Traceback (most recent call last):
  File "/home/airflow/.local/lib/python3.12/site-packages/airflow/models/dagbag.py", line 351, in parse
    loader.exec_module(new_module)
  File "<frozen importlib._bootstrap_external>", line 995, in exec_module
  File "<frozen importlib._bootstrap>", line 488, in _call_with_frames_removed
  File "/opt/airflow/dags/flight-pipeline.py", line 5, in <module>
    from airflow.providers.standard.operators.python import PythonOperator
ModuleNotFoundError: No module named 'airflow.providers.standard'
[2026-04-13T02:17:33.241+0000] {processor.py:842} WARNING - No viable dags retrieved from /opt/airflow/dags/flight-pipeline.py
[2026-04-13T02:17:33.273+0000] {processor.py:183} INFO - Processing /opt/airflow/dags/flight-pipeline.py took 0.067 seconds
[2026-04-13T02:18:03.570+0000] {processor.py:161} INFO - Started process (PID=39) to work on /opt/airflow/dags/flight-pipeline.py
[2026-04-13T02:18:03.571+0000] {processor.py:830} INFO - Processing file /opt/airflow/dags/flight-pipeline.py for tasks to queue
[2026-04-13T02:18:03.573+0000] {logging_mixin.py:188} INFO - [2026-04-13T02:18:03.573+0000] {dagbag.py:545} INFO - Filling up the DagBag from /opt/airflow/dags/flight-pipeline.py
[2026-04-13T02:18:03.593+0000] {logging_mixin.py:188} INFO - [2026-04-13T02:18:03.589+0000] {dagbag.py:355} ERROR - Failed to import: /opt/airflow/dags/flight-pipeline.py
Traceback (most recent call last):
  File "/home/airflow/.local/lib/python3.12/site-packages/airflow/models/dagbag.py", line 351, in parse
    loader.exec_module(new_module)
  File "<frozen importlib._bootstrap_external>", line 995, in exec_module
  File "<frozen importlib._bootstrap>", line 488, in _call_with_frames_removed
  File "/opt/airflow/dags/flight-pipeline.py", line 5, in <module>
    from airflow.providers.standard.operators.python import PythonOperator
ModuleNotFoundError: No module named 'airflow.providers.standard'
[2026-04-13T02:18:03.595+0000] {processor.py:842} WARNING - No viable dags retrieved from /opt/airflow/dags/flight-pipeline.py
[2026-04-13T02:18:03.627+0000] {processor.py:183} INFO - Processing /opt/airflow/dags/flight-pipeline.py took 0.063 seconds
[2026-04-13T02:18:33.910+0000] {processor.py:161} INFO - Started process (PID=40) to work on /opt/airflow/dags/flight-pipeline.py
[2026-04-13T02:18:33.912+0000] {processor.py:830} INFO - Processing file /opt/airflow/dags/flight-pipeline.py for tasks to queue
[2026-04-13T02:18:33.914+0000] {logging_mixin.py:188} INFO - [2026-04-13T02:18:33.914+0000] {dagbag.py:545} INFO - Filling up the DagBag from /opt/airflow/dags/flight-pipeline.py
[2026-04-13T02:18:33.934+0000] {logging_mixin.py:188} INFO - [2026-04-13T02:18:33.930+0000] {dagbag.py:355} ERROR - Failed to import: /opt/airflow/dags/flight-pipeline.py
Traceback (most recent call last):
  File "/home/airflow/.local/lib/python3.12/site-packages/airflow/models/dagbag.py", line 351, in parse
    loader.exec_module(new_module)
  File "<frozen importlib._bootstrap_external>", line 995, in exec_module
  File "<frozen importlib._bootstrap>", line 488, in _call_with_frames_removed
  File "/opt/airflow/dags/flight-pipeline.py", line 5, in <module>
    from airflow.providers.standard.operators.python import PythonOperator
ModuleNotFoundError: No module named 'airflow.providers.standard'
[2026-04-13T02:18:33.936+0000] {processor.py:842} WARNING - No viable dags retrieved from /opt/airflow/dags/flight-pipeline.py
[2026-04-13T02:18:33.964+0000] {processor.py:183} INFO - Processing /opt/airflow/dags/flight-pipeline.py took 0.062 seconds
[2026-04-13T02:19:04.415+0000] {processor.py:161} INFO - Started process (PID=41) to work on /opt/airflow/dags/flight-pipeline.py
[2026-04-13T02:19:04.416+0000] {processor.py:830} INFO - Processing file /opt/airflow/dags/flight-pipeline.py for tasks to queue
[2026-04-13T02:19:04.418+0000] {logging_mixin.py:188} INFO - [2026-04-13T02:19:04.418+0000] {dagbag.py:545} INFO - Filling up the DagBag from /opt/airflow/dags/flight-pipeline.py
[2026-04-13T02:19:04.441+0000] {logging_mixin.py:188} INFO - [2026-04-13T02:19:04.436+0000] {dagbag.py:355} ERROR - Failed to import: /opt/airflow/dags/flight-pipeline.py
Traceback (most recent call last):
  File "/home/airflow/.local/lib/python3.12/site-packages/airflow/models/dagbag.py", line 351, in parse
    loader.exec_module(new_module)
  File "<frozen importlib._bootstrap_external>", line 995, in exec_module
  File "<frozen importlib._bootstrap>", line 488, in _call_with_frames_removed
  File "/opt/airflow/dags/flight-pipeline.py", line 5, in <module>
    from airflow.providers.standard.operators.python import PythonOperator
ModuleNotFoundError: No module named 'airflow.providers.standard'
[2026-04-13T02:19:04.442+0000] {processor.py:842} WARNING - No viable dags retrieved from /opt/airflow/dags/flight-pipeline.py
[2026-04-13T02:19:04.475+0000] {processor.py:183} INFO - Processing /opt/airflow/dags/flight-pipeline.py took 0.066 seconds
[2026-04-13T02:19:34.832+0000] {processor.py:161} INFO - Started process (PID=42) to work on /opt/airflow/dags/flight-pipeline.py
[2026-04-13T02:19:34.833+0000] {processor.py:830} INFO - Processing file /opt/airflow/dags/flight-pipeline.py for tasks to queue
[2026-04-13T02:19:34.835+0000] {logging_mixin.py:188} INFO - [2026-04-13T02:19:34.835+0000] {dagbag.py:545} INFO - Filling up the DagBag from /opt/airflow/dags/flight-pipeline.py
[2026-04-13T02:19:34.854+0000] {logging_mixin.py:188} INFO - [2026-04-13T02:19:34.849+0000] {dagbag.py:355} ERROR - Failed to import: /opt/airflow/dags/flight-pipeline.py
Traceback (most recent call last):
  File "/home/airflow/.local/lib/python3.12/site-packages/airflow/models/dagbag.py", line 351, in parse
    loader.exec_module(new_module)
  File "<frozen importlib._bootstrap_external>", line 995, in exec_module
  File "<frozen importlib._bootstrap>", line 488, in _call_with_frames_removed
  File "/opt/airflow/dags/flight-pipeline.py", line 5, in <module>
    from airflow.providers.standard.operators.python import PythonOperator
ModuleNotFoundError: No module named 'airflow.providers.standard'
[2026-04-13T02:19:34.856+0000] {processor.py:842} WARNING - No viable dags retrieved from /opt/airflow/dags/flight-pipeline.py
[2026-04-13T02:19:34.887+0000] {processor.py:183} INFO - Processing /opt/airflow/dags/flight-pipeline.py took 0.061 seconds
[2026-04-13T02:20:05.171+0000] {processor.py:161} INFO - Started process (PID=43) to work on /opt/airflow/dags/flight-pipeline.py
[2026-04-13T02:20:05.172+0000] {processor.py:830} INFO - Processing file /opt/airflow/dags/flight-pipeline.py for tasks to queue
[2026-04-13T02:20:05.175+0000] {logging_mixin.py:188} INFO - [2026-04-13T02:20:05.174+0000] {dagbag.py:545} INFO - Filling up the DagBag from /opt/airflow/dags/flight-pipeline.py
[2026-04-13T02:20:05.196+0000] {logging_mixin.py:188} INFO - [2026-04-13T02:20:05.191+0000] {dagbag.py:355} ERROR - Failed to import: /opt/airflow/dags/flight-pipeline.py
Traceback (most recent call last):
  File "/home/airflow/.local/lib/python3.12/site-packages/airflow/models/dagbag.py", line 351, in parse
    loader.exec_module(new_module)
  File "<frozen importlib._bootstrap_external>", line 995, in exec_module
  File "<frozen importlib._bootstrap>", line 488, in _call_with_frames_removed
  File "/opt/airflow/dags/flight-pipeline.py", line 5, in <module>
    from airflow.providers.standard.operators.python import PythonOperator
ModuleNotFoundError: No module named 'airflow.providers.standard'
[2026-04-13T02:20:05.198+0000] {processor.py:842} WARNING - No viable dags retrieved from /opt/airflow/dags/flight-pipeline.py
[2026-04-13T02:20:05.231+0000] {processor.py:183} INFO - Processing /opt/airflow/dags/flight-pipeline.py took 0.068 seconds
[2026-04-13T02:20:35.491+0000] {processor.py:161} INFO - Started process (PID=44) to work on /opt/airflow/dags/flight-pipeline.py
[2026-04-13T02:20:35.493+0000] {processor.py:830} INFO - Processing file /opt/airflow/dags/flight-pipeline.py for tasks to queue
[2026-04-13T02:20:35.496+0000] {logging_mixin.py:188} INFO - [2026-04-13T02:20:35.495+0000] {dagbag.py:545} INFO - Filling up the DagBag from /opt/airflow/dags/flight-pipeline.py
[2026-04-13T02:20:35.526+0000] {logging_mixin.py:188} INFO - [2026-04-13T02:20:35.521+0000] {dagbag.py:355} ERROR - Failed to import: /opt/airflow/dags/flight-pipeline.py
Traceback (most recent call last):
  File "/home/airflow/.local/lib/python3.12/site-packages/airflow/models/dagbag.py", line 351, in parse
    loader.exec_module(new_module)
  File "<frozen importlib._bootstrap_external>", line 995, in exec_module
  File "<frozen importlib._bootstrap>", line 488, in _call_with_frames_removed
  File "/opt/airflow/dags/flight-pipeline.py", line 5, in <module>
    from airflow.providers.standard.operators.python import PythonOperator
ModuleNotFoundError: No module named 'airflow.providers.standard'
[2026-04-13T02:20:35.528+0000] {processor.py:842} WARNING - No viable dags retrieved from /opt/airflow/dags/flight-pipeline.py
[2026-04-13T02:20:35.562+0000] {processor.py:183} INFO - Processing /opt/airflow/dags/flight-pipeline.py took 0.079 seconds
[2026-04-13T02:21:05.928+0000] {processor.py:161} INFO - Started process (PID=45) to work on /opt/airflow/dags/flight-pipeline.py
[2026-04-13T02:21:05.930+0000] {processor.py:830} INFO - Processing file /opt/airflow/dags/flight-pipeline.py for tasks to queue
[2026-04-13T02:21:05.934+0000] {logging_mixin.py:188} INFO - [2026-04-13T02:21:05.933+0000] {dagbag.py:545} INFO - Filling up the DagBag from /opt/airflow/dags/flight-pipeline.py
[2026-04-13T02:21:05.961+0000] {logging_mixin.py:188} INFO - [2026-04-13T02:21:05.956+0000] {dagbag.py:355} ERROR - Failed to import: /opt/airflow/dags/flight-pipeline.py
Traceback (most recent call last):
  File "/home/airflow/.local/lib/python3.12/site-packages/airflow/models/dagbag.py", line 351, in parse
    loader.exec_module(new_module)
  File "<frozen importlib._bootstrap_external>", line 995, in exec_module
  File "<frozen importlib._bootstrap>", line 488, in _call_with_frames_removed
  File "/opt/airflow/dags/flight-pipeline.py", line 5, in <module>
    from airflow.providers.standard.operators.python import PythonOperator
ModuleNotFoundError: No module named 'airflow.providers.standard'
[2026-04-13T02:21:05.964+0000] {processor.py:842} WARNING - No viable dags retrieved from /opt/airflow/dags/flight-pipeline.py
[2026-04-13T02:21:05.995+0000] {processor.py:183} INFO - Processing /opt/airflow/dags/flight-pipeline.py took 0.073 seconds
[2026-04-13T02:21:36.281+0000] {processor.py:161} INFO - Started process (PID=46) to work on /opt/airflow/dags/flight-pipeline.py
[2026-04-13T02:21:36.282+0000] {processor.py:830} INFO - Processing file /opt/airflow/dags/flight-pipeline.py for tasks to queue
[2026-04-13T02:21:36.285+0000] {logging_mixin.py:188} INFO - [2026-04-13T02:21:36.284+0000] {dagbag.py:545} INFO - Filling up the DagBag from /opt/airflow/dags/flight-pipeline.py
[2026-04-13T02:21:36.311+0000] {logging_mixin.py:188} INFO - [2026-04-13T02:21:36.306+0000] {dagbag.py:355} ERROR - Failed to import: /opt/airflow/dags/flight-pipeline.py
Traceback (most recent call last):
  File "/home/airflow/.local/lib/python3.12/site-packages/airflow/models/dagbag.py", line 351, in parse
    loader.exec_module(new_module)
  File "<frozen importlib._bootstrap_external>", line 995, in exec_module
  File "<frozen importlib._bootstrap>", line 488, in _call_with_frames_removed
  File "/opt/airflow/dags/flight-pipeline.py", line 5, in <module>
    from airflow.providers.standard.operators.python import PythonOperator
ModuleNotFoundError: No module named 'airflow.providers.standard'
[2026-04-13T02:21:36.313+0000] {processor.py:842} WARNING - No viable dags retrieved from /opt/airflow/dags/flight-pipeline.py
[2026-04-13T02:21:36.343+0000] {processor.py:183} INFO - Processing /opt/airflow/dags/flight-pipeline.py took 0.069 seconds
[2026-04-13T02:22:06.719+0000] {processor.py:161} INFO - Started process (PID=47) to work on /opt/airflow/dags/flight-pipeline.py
[2026-04-13T02:22:06.721+0000] {processor.py:830} INFO - Processing file /opt/airflow/dags/flight-pipeline.py for tasks to queue
[2026-04-13T02:22:06.727+0000] {logging_mixin.py:188} INFO - [2026-04-13T02:22:06.726+0000] {dagbag.py:545} INFO - Filling up the DagBag from /opt/airflow/dags/flight-pipeline.py
[2026-04-13T02:22:06.759+0000] {logging_mixin.py:188} INFO - [2026-04-13T02:22:06.753+0000] {dagbag.py:355} ERROR - Failed to import: /opt/airflow/dags/flight-pipeline.py
Traceback (most recent call last):
  File "/home/airflow/.local/lib/python3.12/site-packages/airflow/models/dagbag.py", line 351, in parse
    loader.exec_module(new_module)
  File "<frozen importlib._bootstrap_external>", line 995, in exec_module
  File "<frozen importlib._bootstrap>", line 488, in _call_with_frames_removed
  File "/opt/airflow/dags/flight-pipeline.py", line 5, in <module>
    from airflow.providers.standard.operators.python import PythonOperator
ModuleNotFoundError: No module named 'airflow.providers.standard'
[2026-04-13T02:22:06.761+0000] {processor.py:842} WARNING - No viable dags retrieved from /opt/airflow/dags/flight-pipeline.py
[2026-04-13T02:22:06.790+0000] {processor.py:183} INFO - Processing /opt/airflow/dags/flight-pipeline.py took 0.086 seconds
[2026-04-13T02:22:37.172+0000] {processor.py:161} INFO - Started process (PID=48) to work on /opt/airflow/dags/flight-pipeline.py
[2026-04-13T02:22:37.173+0000] {processor.py:830} INFO - Processing file /opt/airflow/dags/flight-pipeline.py for tasks to queue
[2026-04-13T02:22:37.176+0000] {logging_mixin.py:188} INFO - [2026-04-13T02:22:37.175+0000] {dagbag.py:545} INFO - Filling up the DagBag from /opt/airflow/dags/flight-pipeline.py
[2026-04-13T02:22:37.201+0000] {logging_mixin.py:188} INFO - [2026-04-13T02:22:37.196+0000] {dagbag.py:355} ERROR - Failed to import: /opt/airflow/dags/flight-pipeline.py
Traceback (most recent call last):
  File "/home/airflow/.local/lib/python3.12/site-packages/airflow/models/dagbag.py", line 351, in parse
    loader.exec_module(new_module)
  File "<frozen importlib._bootstrap_external>", line 995, in exec_module
  File "<frozen importlib._bootstrap>", line 488, in _call_with_frames_removed
  File "/opt/airflow/dags/flight-pipeline.py", line 5, in <module>
    from airflow.providers.standard.operators.python import PythonOperator
ModuleNotFoundError: No module named 'airflow.providers.standard'
[2026-04-13T02:22:37.203+0000] {processor.py:842} WARNING - No viable dags retrieved from /opt/airflow/dags/flight-pipeline.py
[2026-04-13T02:22:37.235+0000] {processor.py:183} INFO - Processing /opt/airflow/dags/flight-pipeline.py took 0.070 seconds
[2026-04-13T02:23:07.774+0000] {processor.py:161} INFO - Started process (PID=49) to work on /opt/airflow/dags/flight-pipeline.py
[2026-04-13T02:23:07.775+0000] {processor.py:830} INFO - Processing file /opt/airflow/dags/flight-pipeline.py for tasks to queue
[2026-04-13T02:23:07.778+0000] {logging_mixin.py:188} INFO - [2026-04-13T02:23:07.778+0000] {dagbag.py:545} INFO - Filling up the DagBag from /opt/airflow/dags/flight-pipeline.py
[2026-04-13T02:23:07.800+0000] {logging_mixin.py:188} INFO - [2026-04-13T02:23:07.796+0000] {dagbag.py:355} ERROR - Failed to import: /opt/airflow/dags/flight-pipeline.py
Traceback (most recent call last):
  File "/home/airflow/.local/lib/python3.12/site-packages/airflow/models/dagbag.py", line 351, in parse
    loader.exec_module(new_module)
  File "<frozen importlib._bootstrap_external>", line 995, in exec_module
  File "<frozen importlib._bootstrap>", line 488, in _call_with_frames_removed
  File "/opt/airflow/dags/flight-pipeline.py", line 5, in <module>
    from airflow.providers.standard.operators.python import PythonOperator
ModuleNotFoundError: No module named 'airflow.providers.standard'
[2026-04-13T02:23:07.802+0000] {processor.py:842} WARNING - No viable dags retrieved from /opt/airflow/dags/flight-pipeline.py
[2026-04-13T02:23:07.826+0000] {processor.py:183} INFO - Processing /opt/airflow/dags/flight-pipeline.py took 0.059 seconds
[2026-04-13T02:23:38.359+0000] {processor.py:161} INFO - Started process (PID=50) to work on /opt/airflow/dags/flight-pipeline.py
[2026-04-13T02:23:38.360+0000] {processor.py:830} INFO - Processing file /opt/airflow/dags/flight-pipeline.py for tasks to queue
[2026-04-13T02:23:38.363+0000] {logging_mixin.py:188} INFO - [2026-04-13T02:23:38.362+0000] {dagbag.py:545} INFO - Filling up the DagBag from /opt/airflow/dags/flight-pipeline.py
[2026-04-13T02:23:38.386+0000] {logging_mixin.py:188} INFO - [2026-04-13T02:23:38.381+0000] {dagbag.py:355} ERROR - Failed to import: /opt/airflow/dags/flight-pipeline.py
Traceback (most recent call last):
  File "/home/airflow/.local/lib/python3.12/site-packages/airflow/models/dagbag.py", line 351, in parse
    loader.exec_module(new_module)
  File "<frozen importlib._bootstrap_external>", line 995, in exec_module
  File "<frozen importlib._bootstrap>", line 488, in _call_with_frames_removed
  File "/opt/airflow/dags/flight-pipeline.py", line 5, in <module>
    from airflow.providers.standard.operators.python import PythonOperator
ModuleNotFoundError: No module named 'airflow.providers.standard'
[2026-04-13T02:23:38.388+0000] {processor.py:842} WARNING - No viable dags retrieved from /opt/airflow/dags/flight-pipeline.py
[2026-04-13T02:23:38.416+0000] {processor.py:183} INFO - Processing /opt/airflow/dags/flight-pipeline.py took 0.064 seconds
[2026-04-13T02:24:08.945+0000] {processor.py:161} INFO - Started process (PID=51) to work on /opt/airflow/dags/flight-pipeline.py
[2026-04-13T02:24:08.947+0000] {processor.py:830} INFO - Processing file /opt/airflow/dags/flight-pipeline.py for tasks to queue
[2026-04-13T02:24:08.951+0000] {logging_mixin.py:188} INFO - [2026-04-13T02:24:08.950+0000] {dagbag.py:545} INFO - Filling up the DagBag from /opt/airflow/dags/flight-pipeline.py
[2026-04-13T02:24:08.978+0000] {logging_mixin.py:188} INFO - [2026-04-13T02:24:08.973+0000] {dagbag.py:355} ERROR - Failed to import: /opt/airflow/dags/flight-pipeline.py
Traceback (most recent call last):
  File "/home/airflow/.local/lib/python3.12/site-packages/airflow/models/dagbag.py", line 351, in parse
    loader.exec_module(new_module)
  File "<frozen importlib._bootstrap_external>", line 995, in exec_module
  File "<frozen importlib._bootstrap>", line 488, in _call_with_frames_removed
  File "/opt/airflow/dags/flight-pipeline.py", line 5, in <module>
    from airflow.providers.standard.operators.python import PythonOperator
ModuleNotFoundError: No module named 'airflow.providers.standard'
[2026-04-13T02:24:08.980+0000] {processor.py:842} WARNING - No viable dags retrieved from /opt/airflow/dags/flight-pipeline.py
[2026-04-13T02:24:09.013+0000] {processor.py:183} INFO - Processing /opt/airflow/dags/flight-pipeline.py took 0.076 seconds
[2026-04-13T02:24:39.331+0000] {processor.py:161} INFO - Started process (PID=52) to work on /opt/airflow/dags/flight-pipeline.py
[2026-04-13T02:24:39.333+0000] {processor.py:830} INFO - Processing file /opt/airflow/dags/flight-pipeline.py for tasks to queue
[2026-04-13T02:24:39.337+0000] {logging_mixin.py:188} INFO - [2026-04-13T02:24:39.336+0000] {dagbag.py:545} INFO - Filling up the DagBag from /opt/airflow/dags/flight-pipeline.py
[2026-04-13T02:24:39.367+0000] {logging_mixin.py:188} INFO - [2026-04-13T02:24:39.361+0000] {dagbag.py:355} ERROR - Failed to import: /opt/airflow/dags/flight-pipeline.py
Traceback (most recent call last):
  File "/home/airflow/.local/lib/python3.12/site-packages/airflow/models/dagbag.py", line 351, in parse
    loader.exec_module(new_module)
  File "<frozen importlib._bootstrap_external>", line 995, in exec_module
  File "<frozen importlib._bootstrap>", line 488, in _call_with_frames_removed
  File "/opt/airflow/dags/flight-pipeline.py", line 5, in <module>
    from airflow.providers.standard.operators.python import PythonOperator
ModuleNotFoundError: No module named 'airflow.providers.standard'
[2026-04-13T02:24:39.369+0000] {processor.py:842} WARNING - No viable dags retrieved from /opt/airflow/dags/flight-pipeline.py
[2026-04-13T02:24:39.402+0000] {processor.py:183} INFO - Processing /opt/airflow/dags/flight-pipeline.py took 0.079 seconds
[2026-04-13T02:25:09.749+0000] {processor.py:161} INFO - Started process (PID=53) to work on /opt/airflow/dags/flight-pipeline.py
[2026-04-13T02:25:09.750+0000] {processor.py:830} INFO - Processing file /opt/airflow/dags/flight-pipeline.py for tasks to queue
[2026-04-13T02:25:09.752+0000] {logging_mixin.py:188} INFO - [2026-04-13T02:25:09.752+0000] {dagbag.py:545} INFO - Filling up the DagBag from /opt/airflow/dags/flight-pipeline.py
[2026-04-13T02:25:09.777+0000] {logging_mixin.py:188} INFO - [2026-04-13T02:25:09.771+0000] {dagbag.py:355} ERROR - Failed to import: /opt/airflow/dags/flight-pipeline.py
Traceback (most recent call last):
  File "/home/airflow/.local/lib/python3.12/site-packages/airflow/models/dagbag.py", line 351, in parse
    loader.exec_module(new_module)
  File "<frozen importlib._bootstrap_external>", line 995, in exec_module
  File "<frozen importlib._bootstrap>", line 488, in _call_with_frames_removed
  File "/opt/airflow/dags/flight-pipeline.py", line 5, in <module>
    from airflow.providers.standard.operators.python import PythonOperator
ModuleNotFoundError: No module named 'airflow.providers.standard'
[2026-04-13T02:25:09.779+0000] {processor.py:842} WARNING - No viable dags retrieved from /opt/airflow/dags/flight-pipeline.py
[2026-04-13T02:25:09.812+0000] {processor.py:183} INFO - Processing /opt/airflow/dags/flight-pipeline.py took 0.070 seconds
